[digikongnft.com/index.html]
[backblue.gif]
[fade.gif]
[index.html]
[digikongnft.com/feed/index.html]
[digikongnft.com/sample-page/feed/index.html]
[digikongnft.com/wp-content/uploads/2022/05/digikong-site-bg5.png]
[digikongnft.com/comments/feed/index.html]
[digikongnft.com/wp-includes/js/jquery/jquery.minaf6c.js]
[digikongnft.com/wp-includes/js/jquery/jquery-migrate.mind617.js]
[digikongnft.com/wp-json/index.html]
[digikongnft.com/wp-json/wp/v2/pages/2.json]
[digikongnft.com/xmlrpc0db0.php]
[digikongnft.com/wp-json/oembed/1.0/embed6ee9.json]
[digikongnft.com/wp-json/oembed/1.0/embed3e42]
[digikongnft.com/wp-content/uploads/2022/06/dk-icon-white-60x60.png]
[digikongnft.com/wp-content/uploads/2022/06/dk-icon-white-300x300.png]
[digikongnft.com/wp-content/uploads/2022/07/Untitled-design-2022-07-14T202640.956.png]
[digikongnft.com/wp-content/uploads/2022/07/FFD28E-23.png]
[digikongnft.com/wp-content/uploads/2022/07/Untitled-design-2022-07-14T205703.294.png]
[digikongnft.com/wp-content/uploads/2022/07/FFD28E-25.png]
[digikongnft.com/wp-content/uploads/2022/07/Untitled-design-2022-07-14T202124.467.png]
[digikongnft.com/wp-content/uploads/2022/06/Untitled-design-2022-06-10T180659.982-300x300.png]
[digikongnft.com/wp-content/uploads/2022/07/Untitled-design-2022-07-14T210810.780-768x768.png]
[digikongnft.com/wp-content/uploads/2022/07/FFD28E-22-768x768.png]
[digikongnft.com/wp-content/uploads/2022/07/FFD28E-39-768x768.png]
[digikongnft.com/wp-content/uploads/2022/07/Untitled-design-2022-07-14T210841.046-768x768.png]
[digikongnft.com/wp-content/uploads/2022/07/FFD28E-41-768x768.png]
[digikongnft.com/wp-content/uploads/2022/07/Untitled-design-2022-07-14T212229.186-768x768.png]
[digikongnft.com/wp-content/uploads/2022/07/FFD28E-35-768x768.png]
[digikongnft.com/wp-content/uploads/2022/07/Untitled-design-2022-07-14T210604.290-768x768.png]
[digikongnft.com/wp-content/uploads/2022/07/FFD28E-37-768x768.png]
[digikongnft.com/wp-content/uploads/2022/06/dk-icon-white-150x150.png]
[digikongnft.com/wp-content/plugins/creative-mail-by-constant-contact/assets/js/block/submit3cdb.js]
[digikongnft.com/wp-content/themes/astra/assets/js/minified/frontend.min2e46.js]
[digikongnft.com/wp-content/plugins/contact-form-7/includes/swv/js/index42f0.js]
[digikongnft.com/wp-content/plugins/contact-form-7/includes/js/index42f0.js]
[digikongnft.com/wp-content/plugins/royal-elementor-addons/assets/js/lib/particles/particles7c45.js]
[digikongnft.com/wp-content/plugins/royal-elementor-addons/assets/js/lib/jarallax/jarallax.minf184.js]
[digikongnft.com/wp-content/plugins/royal-elementor-addons/assets/js/lib/parallax/parallax.min5152.js]
[digikongnft.com/wp-content/uploads/astra-addon/astra-addon-63218a6aef8515-153698582e46.js]
[digikongnft.com/wp-content/plugins/royal-elementor-addons/assets/js/lib/aos/aos.min.js]
[digikongnft.com/wp-content/plugins/royal-elementor-addons/assets/js/lib/infinite-scroll/infinite-scroll.min8d18.js]
[digikongnft.com/wp-content/plugins/royal-elementor-addons/assets/js/frontend.min8153.js]
[digikongnft.com/wp-content/plugins/royal-elementor-addons/assets/js/modal-popups.min8153.js]
[digikongnft.com/wp-content/plugins/elementor/assets/js/webpack.runtime.minac9e.js]
[digikongnft.com/wp-content/plugins/elementor/assets/js/frontend-modules.minac9e.js]
[digikongnft.com/wp-content/plugins/elementor/assets/lib/waypoints/waypoints.min05da.js]
[digikongnft.com/wp-includes/js/jquery/ui/core.min0028.js]
[digikongnft.com/wp-content/plugins/elementor/assets/js/frontend.minac9e.js]
[digikongnft.com/wp-includes/js/underscore.minb37e.js]
[digikongnft.com/wp-includes/js/wp-util.min5b21.js]
[digikongnft.com/wp-content/plugins/wpforms-lite/assets/js/integrations/elementor/frontend.min1a7b.js]
[digikongnft.com/index.html]
[digikongnft.com/wp-content/themes/astra/assets/css/minified/main.min2e46.css]
[digikongnft.com/wp-includes/css/dist/block-library/style.min5b21.css]
[digikongnft.com/wp-content/plugins/contact-form-7/includes/css/styles42f0.css]
[digikongnft.com/wp-content/themes/astra/assets/css/minified/compatibility/contact-form-7-main.min2e46.css]
[digikongnft.com/wp-content/plugins/visual-link-preview/dist/publicac31.css]
[digikongnft.com/wp-content/plugins/elementor/assets/lib/eicons/fonts/eicons1075.eot]
[digikongnft.com/wp-content/plugins/elementor/assets/lib/eicons/fonts/eicons1075.woff2]
[digikongnft.com/wp-content/plugins/elementor/assets/lib/eicons/fonts/eicons1075.woff]
[digikongnft.com/wp-content/plugins/elementor/assets/lib/eicons/fonts/eicons1075.ttf]
[digikongnft.com/wp-content/plugins/elementor/assets/lib/eicons/css/elementor-icons.min91ce.css]
[digikongnft.com/wp-content/plugins/elementor/assets/css/frontend-lite.minac9e.css]
[digikongnft.com/wp-content/uploads/2022/06/dk-banner-1.png]
[digikongnft.com/wp-content/uploads/elementor/css/post-62736.css]
[digikongnft.com/wp-content/uploads/elementor/css/global0639.css]
[digikongnft.com/wp-content/uploads/2022/06/dk-banner-2-scaled.jpg]
[digikongnft.com/wp-content/uploads/2022/06/Untitled-design-2022-06-10T174826.067.png]
[digikongnft.com/wp-content/uploads/2022/06/dk-banner-3.png]
[digikongnft.com/wp-content/uploads/elementor/css/post-227c8.css]
[digikongnft.com/wp-content/uploads/astra-addon/astra-addon-63218a6aef3591-410520662e46.css]
[digikongnft.com/wp-content/plugins/royal-elementor-addons/assets/css/lib/animations/text-animations.min8153.css]
[digikongnft.com/wp-content/plugins/royal-elementor-addons/assets/css/frontend.min8153.css]
[digikongnft.com/wp-content/plugins/elementor/assets/lib/font-awesome/webfonts/fa-brands-400.eot]
[digikongnft.com/wp-content/plugins/elementor/assets/lib/font-awesome/webfonts/fa-brands-400d41d.eot]
[digikongnft.com/wp-content/plugins/elementor/assets/lib/font-awesome/webfonts/fa-brands-400.woff2]
[digikongnft.com/wp-content/plugins/elementor/assets/lib/font-awesome/webfonts/fa-brands-400.woff]
[digikongnft.com/wp-content/plugins/elementor/assets/lib/font-awesome/webfonts/fa-brands-400.ttf]
[digikongnft.com/wp-content/plugins/elementor/assets/lib/font-awesome/webfonts/fa-regular-400.eot]
[digikongnft.com/wp-content/plugins/elementor/assets/lib/font-awesome/webfonts/fa-regular-400d41d.eot]
[digikongnft.com/wp-content/plugins/elementor/assets/lib/font-awesome/webfonts/fa-regular-400.woff2]
[digikongnft.com/wp-content/plugins/elementor/assets/lib/font-awesome/webfonts/fa-regular-400.woff]
[digikongnft.com/wp-content/plugins/elementor/assets/lib/font-awesome/webfonts/fa-regular-400.ttf]
[digikongnft.com/wp-content/plugins/elementor/assets/lib/font-awesome/webfonts/fa-solid-900.eot]
[digikongnft.com/wp-content/plugins/elementor/assets/lib/font-awesome/webfonts/fa-solid-900d41d.eot]
[digikongnft.com/wp-content/plugins/elementor/assets/lib/font-awesome/webfonts/fa-solid-900.woff2]
[digikongnft.com/wp-content/plugins/elementor/assets/lib/font-awesome/webfonts/fa-solid-900.woff]
[digikongnft.com/wp-content/plugins/elementor/assets/lib/font-awesome/webfonts/fa-solid-900.ttf]
[digikongnft.com/wp-content/plugins/elementor/assets/lib/font-awesome/css/all.min8153.css]
[digikongnft.com/wp-content/plugins/elementor/assets/lib/font-awesome/css/fontawesome.min52d5.css]
[digikongnft.com/wp-content/plugins/elementor/assets/lib/font-awesome/css/brands.min52d5.css]
[digikongnft.com/wp-content/plugins/elementor/assets/lib/font-awesome/css/solid.min52d5.css]
[digikongnft.com/wp-includes/wlwmanifest.html]
[digikongnft.com/xmlrpc.php]
[digikongnft.com/wp-content/plugins/elementor/assets/css/widget-icon-box.min.css]
[digikongnft.com/wp-content/plugins/royal-elementor-addons/assets/css/lib/animations/wpr-animations.min8153.css]
[digikongnft.com/wp-content/plugins/royal-elementor-addons/assets/css/lib/animations/loading-animations.min8153.css]
[digikongnft.com/wp-content/plugins/royal-elementor-addons/assets/css/lib/aos/aos.min5b21.css]
[digikongnft.com/wp-content/plugins/royal-elementor-addons/assets/css/lib/animations/button-animations.min8153.css]
[digikongnft.com/wp-content/plugins/elementor/assets/lib/animations/animations.minac9e.css]
[digikongnft.com/wp-content/plugins/elementor/assets/lib/eicons/fonts/eicons1075.svg]
[digikongnft.com/wp-content/plugins/elementor/assets/lib/font-awesome/webfonts/fa-brands-400.svg]
[digikongnft.com/wp-content/plugins/elementor/assets/lib/font-awesome/webfonts/fa-regular-400.svg]
[digikongnft.com/wp-content/plugins/elementor/assets/lib/font-awesome/webfonts/fa-solid-900.svg]
